// Jest Snapshot v1, https://goo.gl/fbAQLP

exports[`Cocktail renders correctly 1`] = `ShallowWrapper {}`;
